
ASUS@xuanaux MINGW64 ~/OneDrive/Desktop/Tin học cơ sở
$ git clone https://github.com/BuiNgocXuan/25174600007_Bui_Ngoc_Xuan_bai_tap_.git
Cloning into '25174600007_Bui_Ngoc_Xuan_bai_tap_'...
remote: Enumerating objects: 3, done.
remote: Counting objects: 100% (3/3), done.
remote: Total 3 (delta 0), reused 0 (delta 0), pack-reused 0 (from 0)
Receiving objects: 100% (3/3), done.

ASUS@xuanaux MINGW64 ~/OneDrive/Desktop/Tin học cơ sở
$ ls
 25174600007_Bui_Ngoc_Xuan_bai_tap_/  'bài tập chương 1'/

ASUS@xuanaux MINGW64 ~/OneDrive/Desktop/Tin học cơ sở
$ cd 25174600007_Bui_Ngoc_Xuan_bai_tap_

ASUS@xuanaux MINGW64 ~/OneDrive/Desktop/Tin học cơ sở/25174600007_Bui_Ngoc_Xuan_bai_tap_ (main)
$ notepad README.md

ASUS@xuanaux MINGW64 ~/OneDrive/Desktop/Tin học cơ sở/25174600007_Bui_Ngoc_Xuan_bai_tap_ (main)
$ git status
On branch main
Your branch is up to date with 'origin/main'.

Changes not staged for commit:
  (use "git add <file>..." to update what will be committed)
  (use "git restore <file>..." to discard changes in working directory)
        modified:   README.md

Untracked files:
  (use "git add <file>..." to include in what will be committed)
        .Rhistory

no changes added to commit (use "git add" and/or "git commit -a")

ASUS@xuanaux MINGW64 ~/OneDrive/Desktop/Tin học cơ sở/25174600007_Bui_Ngoc_Xuan_bai_tap_ (main)
$ git add README.md

ASUS@xuanaux MINGW64 ~/OneDrive/Desktop/Tin học cơ sở/25174600007_Bui_Ngoc_Xuan_bai_tap_ (main)
$ git commit -m "cập nhật nội dung README.md lần đầu tiên"
[main f43758f] cập nhật nội dung README.md lần đầu tiên
 1 file changed, 18 insertions(+), 1 deletion(-)

ASUS@xuanaux MINGW64 ~/OneDrive/Desktop/Tin học cơ sở/25174600007_Bui_Ngoc_Xuan_bai_tap_ (main)
$ git push origin main
Enumerating objects: 5, done.
Counting objects: 100% (5/5), done.
Delta compression using up to 8 threads
Compressing objects: 100% (2/2), done.
Writing objects: 100% (3/3), 698 bytes | 698.00 KiB/s, done.
Total 3 (delta 0), reused 0 (delta 0), pack-reused 0 (from 0)
To https://github.com/BuiNgocXuan/25174600007_Bui_Ngoc_Xuan_bai_tap_.git
   f083e0e..f43758f  main -> main

ASUS@xuanaux MINGW64 ~/OneDrive/Desktop/Tin học cơ sở/25174600007_Bui_Ngoc_Xuan_bai_tap_ (main)
$ git branch
* main

ASUS@xuanaux MINGW64 ~/OneDrive/Desktop/Tin học cơ sở/25174600007_Bui_Ngoc_Xuan_bai_tap_ (main)
$ git checkout main
Already on 'main'
Your branch is up to date with 'origin/main'.

ASUS@xuanaux MINGW64 ~/OneDrive/Desktop/Tin học cơ sở/25174600007_Bui_Ngoc_Xuan_bai_tap_ (main)
$ git checkout -b branch_1
Switched to a new branch 'branch_1'

ASUS@xuanaux MINGW64 ~/OneDrive/Desktop/Tin học cơ sở/25174600007_Bui_Ngoc_Xuan_bai_tap_ (branch_1)
$ echo "Lorem ipsum dolor sit amet, consectetur adipiscing elit." >text_branch_1.txt

ASUS@xuanaux MINGW64 ~/OneDrive/Desktop/Tin học cơ sở/25174600007_Bui_Ngoc_Xuan_bai_tap_ (branch_1)
$ cat text_branch_1.txt
Lorem ipsum dolor sit amet, consectetur adipiscing elit.

ASUS@xuanaux MINGW64 ~/OneDrive/Desktop/Tin học cơ sở/25174600007_Bui_Ngoc_Xuan_bai_tap_ (branch_1)
$ git add text_branch_1.txt
warning: in the working copy of 'text_branch_1.txt', LF will be replaced by CRLF the next time Git touches it

ASUS@xuanaux MINGW64 ~/OneDrive/Desktop/Tin học cơ sở/25174600007_Bui_Ngoc_Xuan_bai_tap_ (branch_1)
$ git commit -m "thêm file text_branch_1.txt trong branch_1"
[branch_1 3672ad5] thêm file text_branch_1.txt trong branch_1
 1 file changed, 1 insertion(+)
 create mode 100644 text_branch_1.txt

ASUS@xuanaux MINGW64 ~/OneDrive/Desktop/Tin học cơ sở/25174600007_Bui_Ngoc_Xuan_bai_tap_ (branch_1)
$ git checkout main
Switched to branch 'main'
Your branch is up to date with 'origin/main'.

ASUS@xuanaux MINGW64 ~/OneDrive/Desktop/Tin học cơ sở/25174600007_Bui_Ngoc_Xuan_bai_tap_ (main)
$ git checkout -b branch_2
Switched to a new branch 'branch_2'

ASUS@xuanaux MINGW64 ~/OneDrive/Desktop/Tin học cơ sở/25174600007_Bui_Ngoc_Xuan_bai_tap_ (branch_2)
$ echo "Praesent ullamcorper orci eu erat placerat sodales." >text_branch_2.txt

ASUS@xuanaux MINGW64 ~/OneDrive/Desktop/Tin học cơ sở/25174600007_Bui_Ngoc_Xuan_bai_tap_ (branch_2)
$ cat text_branch_2.txt
Praesent ullamcorper orci eu erat placerat sodales.

ASUS@xuanaux MINGW64 ~/OneDrive/Desktop/Tin học cơ sở/25174600007_Bui_Ngoc_Xuan_bai_tap_ (branch_2)
$ git add text_branch_2.txt
warning: in the working copy of 'text_branch_2.txt', LF will be replaced by CRLF the next time Git touches it

ASUS@xuanaux MINGW64 ~/OneDrive/Desktop/Tin học cơ sở/25174600007_Bui_Ngoc_Xuan_bai_tap_ (branch_2)
$ git commit -m "thêm file text_branch_2.txt trong branch_2"
[branch_2 d6ba446] thêm file text_branch_2.txt trong branch_2
 1 file changed, 1 insertion(+)
 create mode 100644 text_branch_2.txt

ASUS@xuanaux MINGW64 ~/OneDrive/Desktop/Tin học cơ sở/25174600007_Bui_Ngoc_Xuan_bai_tap_ (branch_2)
$ git checkout main
Switched to branch 'main'
Your branch is up to date with 'origin/main'.

ASUS@xuanaux MINGW64 ~/OneDrive/Desktop/Tin học cơ sở/25174600007_Bui_Ngoc_Xuan_bai_tap_ (main)
$ git checkout -b branch_3
Switched to a new branch 'branch_3'

ASUS@xuanaux MINGW64 ~/OneDrive/Desktop/Tin học cơ sở/25174600007_Bui_Ngoc_Xuan_bai_tap_ (branch_3)
$ echo "Integer sit amet nisi aliquam, tempor libero quis, cursus erat."
Integer sit amet nisi aliquam, tempor libero quis, cursus erat.
\
ASUS@xuanaux MINGW64 ~/OneDrive/Desktop/Tin học cơ sở/25174600007_Bui_Ngoc_Xuan_bai_tap_ (branch_3)
$ cat text_branch_3.txt
cat: text_branch_3.txt: No such file or directory

ASUS@xuanaux MINGW64 ~/OneDrive/Desktop/Tin học cơ sở/25174600007_Bui_Ngoc_Xuan_bai_tap_ (branch_3)
$ echo "Integer sit amet nisi aliquam, tempor libero quis, cursus erat."
Integer sit amet nisi aliquam, tempor libero quis, cursus erat.

ASUS@xuanaux MINGW64 ~/OneDrive/Desktop/Tin học cơ sở/25174600007_Bui_Ngoc_Xuan_bai_tap_ (branch_3)
$ cat text_branch_3.txt
cat: text_branch_3.txt: No such file or directory

ASUS@xuanaux MINGW64 ~/OneDrive/Desktop/Tin học cơ sở/25174600007_Bui_Ngoc_Xuan_bai_tap_ (branch_3)
$ git add text_branch_3.txt
fatal: pathspec 'text_branch_3.txt' did not match any files

ASUS@xuanaux MINGW64 ~/OneDrive/Desktop/Tin học cơ sở/25174600007_Bui_Ngoc_Xuan_bai_tap_ (branch_3)
$ git checkout branch_3
Already on 'branch_3'

ASUS@xuanaux MINGW64 ~/OneDrive/Desktop/Tin học cơ sở/25174600007_Bui_Ngoc_Xuan_bai_tap_ (branch_3)
$ echo "Integer sit amet nisi aliquam, tempor libero quis, cursus erat."
Integer sit amet nisi aliquam, tempor libero quis, cursus erat.

ASUS@xuanaux MINGW64 ~/OneDrive/Desktop/Tin học cơ sở/25174600007_Bui_Ngoc_Xuan_bai_tap_ (branch_3)
$ cat text_branch_3.txt
cat: text_branch_3.txt: No such file or directory

ASUS@xuanaux MINGW64 ~/OneDrive/Desktop/Tin học cơ sở/25174600007_Bui_Ngoc_Xuan_bai_tap_ (branch_3)
$ echo "Integer sit amet nisi aliquam, tempor libero quis, cursus erat." >text_branch_3.txt

ASUS@xuanaux MINGW64 ~/OneDrive/Desktop/Tin học cơ sở/25174600007_Bui_Ngoc_Xuan_bai_tap_ (branch_3)
$ cat text_branch_3.txt
Integer sit amet nisi aliquam, tempor libero quis, cursus erat.

ASUS@xuanaux MINGW64 ~/OneDrive/Desktop/Tin học cơ sở/25174600007_Bui_Ngoc_Xuan_bai_tap_ (branch_3)
$ git add text_branch_3.txt
warning: in the working copy of 'text_branch_3.txt', LF will be replaced by CRLF the next time Git touches it

ASUS@xuanaux MINGW64 ~/OneDrive/Desktop/Tin học cơ sở/25174600007_Bui_Ngoc_Xuan_bai_tap_ (branch_3)
$ git commit -m "thêm file text_branch_3.txt trong branch_3"
[branch_3 e4caa96] thêm file text_branch_3.txt trong branch_3
 1 file changed, 1 insertion(+)
 create mode 100644 text_branch_3.txt

ASUS@xuanaux MINGW64 ~/OneDrive/Desktop/Tin học cơ sở/25174600007_Bui_Ngoc_Xuan_bai_tap_ (branch_3)
$ git push origin branch_1
Enumerating objects: 4, done.
Counting objects: 100% (4/4), done.
Delta compression using up to 8 threads
Compressing objects: 100% (3/3), done.
Writing objects: 100% (3/3), 393 bytes | 393.00 KiB/s, done.
Total 3 (delta 0), reused 0 (delta 0), pack-reused 0 (from 0)
remote:
remote: Create a pull request for 'branch_1' on GitHub by visiting:
remote:      https://github.com/BuiNgocXuan/25174600007_Bui_Ngoc_Xuan_bai_tap_/pull/new/branch_1
remote:
To https://github.com/BuiNgocXuan/25174600007_Bui_Ngoc_Xuan_bai_tap_.git
 * [new branch]      branch_1 -> branch_1

ASUS@xuanaux MINGW64 ~/OneDrive/Desktop/Tin học cơ sở/25174600007_Bui_Ngoc_Xuan_bai_tap_ (branch_3)
$ git push origin branch_2
Enumerating objects: 4, done.
Counting objects: 100% (4/4), done.
Delta compression using up to 8 threads
Compressing objects: 100% (3/3), done.
Writing objects: 100% (3/3), 386 bytes | 386.00 KiB/s, done.
Total 3 (delta 0), reused 0 (delta 0), pack-reused 0 (from 0)
remote:
remote: Create a pull request for 'branch_2' on GitHub by visiting:
remote:      https://github.com/BuiNgocXuan/25174600007_Bui_Ngoc_Xuan_bai_tap_/pull/new/branch_2
remote:
To https://github.com/BuiNgocXuan/25174600007_Bui_Ngoc_Xuan_bai_tap_.git
 * [new branch]      branch_2 -> branch_2

ASUS@xuanaux MINGW64 ~/OneDrive/Desktop/Tin học cơ sở/25174600007_Bui_Ngoc_Xuan_bai_tap_ (branch_3)
$ git push origin branch_3
Enumerating objects: 4, done.
Counting objects: 100% (4/4), done.
Delta compression using up to 8 threads
Compressing objects: 100% (3/3), done.
Writing objects: 100% (3/3), 396 bytes | 396.00 KiB/s, done.
Total 3 (delta 0), reused 0 (delta 0), pack-reused 0 (from 0)
remote:
remote: Create a pull request for 'branch_3' on GitHub by visiting:
remote:      https://github.com/BuiNgocXuan/25174600007_Bui_Ngoc_Xuan_bai_tap_/pull/new/branch_3
remote:
To https://github.com/BuiNgocXuan/25174600007_Bui_Ngoc_Xuan_bai_tap_.git
 * [new branch]      branch_3 -> branch_3

ASUS@xuanaux MINGW64 ~/OneDrive/Desktop/Tin học cơ sở/25174600007_Bui_Ngoc_Xuan_bai_tap_ (branch_3)
$ git checkout main
Switched to branch 'main'
Your branch is up to date with 'origin/main'.

ASUS@xuanaux MINGW64 ~/OneDrive/Desktop/Tin học cơ sở/25174600007_Bui_Ngoc_Xuan_bai_tap_ (main)
$ git checkout -b branch_4
Switched to a new branch 'branch_4'

ASUS@xuanaux MINGW64 ~/OneDrive/Desktop/Tin học cơ sở/25174600007_Bui_Ngoc_Xuan_bai_tap_ (branch_4)
$ echo "Cras ac mi nec nisi porta ultrices sed non ante." >text_branch_4.txt

ASUS@xuanaux MINGW64 ~/OneDrive/Desktop/Tin học cơ sở/25174600007_Bui_Ngoc_Xuan_bai_tap_ (branch_4)
$ cat text_branch_4.txt
Cras ac mi nec nisi porta ultrices sed non ante.

ASUS@xuanaux MINGW64 ~/OneDrive/Desktop/Tin học cơ sở/25174600007_Bui_Ngoc_Xuan_bai_tap_ (branch_4)
$ git add text_branch_4.txt
warning: in the working copy of 'text_branch_4.txt', LF will be replaced by CRLF the next time Git touches it

ASUS@xuanaux MINGW64 ~/OneDrive/Desktop/Tin học cơ sở/25174600007_Bui_Ngoc_Xuan_bai_tap_ (branch_4)
$ git commit -m "thêm file text_branch_4.txt trong branch_4"
[branch_4 54ab648] thêm file text_branch_4.txt trong branch_4
 1 file changed, 1 insertion(+)
 create mode 100644 text_branch_4.txt

ASUS@xuanaux MINGW64 ~/OneDrive/Desktop/Tin học cơ sở/25174600007_Bui_Ngoc_Xuan_bai_tap_ (branch_4)
$ git push origin branch_4
Enumerating objects: 4, done.
Counting objects: 100% (4/4), done.
Delta compression using up to 8 threads
Compressing objects: 100% (2/2), done.
Writing objects: 100% (3/3), 385 bytes | 192.00 KiB/s, done.
Total 3 (delta 0), reused 0 (delta 0), pack-reused 0 (from 0)
remote:
remote: Create a pull request for 'branch_4' on GitHub by visiting:
remote:      https://github.com/BuiNgocXuan/25174600007_Bui_Ngoc_Xuan_bai_tap_/pull/new/branch_4
remote:
To https://github.com/BuiNgocXuan/25174600007_Bui_Ngoc_Xuan_bai_tap_.git
 * [new branch]      branch_4 -> branch_4

ASUS@xuanaux MINGW64 ~/OneDrive/Desktop/Tin học cơ sở/25174600007_Bui_Ngoc_Xuan_bai_tap_ (branch_4)
$ git branch
  branch_1
  branch_2
  branch_3
* branch_4
  main

ASUS@xuanaux MINGW64 ~/OneDrive/Desktop/Tin học cơ sở/25174600007_Bui_Ngoc_Xuan_bai_tap_ (branch_4)
$ git checkout main
Switched to branch 'main'
Your branch is up to date with 'origin/main'.

ASUS@xuanaux MINGW64 ~/OneDrive/Desktop/Tin học cơ sở/25174600007_Bui_Ngoc_Xuan_bai_tap_ (main)
$ git branch -D branch_4
Deleted branch branch_4 (was 54ab648).

ASUS@xuanaux MINGW64 ~/OneDrive/Desktop/Tin học cơ sở/25174600007_Bui_Ngoc_Xuan_bai_tap_ (main)
$ git branch --list
  branch_1
  branch_2
  branch_3
* main

ASUS@xuanaux MINGW64 ~/OneDrive/Desktop/Tin học cơ sở/25174600007_Bui_Ngoc_Xuan_bai_tap_ (main)
$ git branch -r
  origin/HEAD -> origin/main
  origin/branch_1
  origin/branch_2
  origin/branch_3
  origin/branch_4
  origin/main

ASUS@xuanaux MINGW64 ~/OneDrive/Desktop/Tin học cơ sở/25174600007_Bui_Ngoc_Xuan_bai_tap_ (main)
$ git checkout main
Already on 'main'
Your branch is up to date with 'origin/main'.

ASUS@xuanaux MINGW64 ~/OneDrive/Desktop/Tin học cơ sở/25174600007_Bui_Ngoc_Xuan_bai_tap_ (main)
$ git pull origin main
From https://github.com/BuiNgocXuan/25174600007_Bui_Ngoc_Xuan_bai_tap_
 * branch            main       -> FETCH_HEAD
Already up to date.

ASUS@xuanaux MINGW64 ~/OneDrive/Desktop/Tin học cơ sở/25174600007_Bui_Ngoc_Xuan_bai_tap_ (main)
$ git checkout main
Already on 'main'
Your branch is up to date with 'origin/main'.

ASUS@xuanaux MINGW64 ~/OneDrive/Desktop/Tin học cơ sở/25174600007_Bui_Ngoc_Xuan_bai_tap_ (main)
$ mkdir main_folder

From https://github.com/BuiNgocXuan/25174600007_Bui_Ngoc_Xuan_bai_tap_
 * branch            main       -> FETCH_HEAD
Merge made by the 'ort' strategy.
 .Rhistory                  | 0
 main_folder/main_txt_1.txt | 1 +
 main_folder/main_txt_2.txt | 1 +
 main_folder/main_txt_3.txt | 1 +
 4 files changed, 3 insertions(+)
 create mode 100644 .Rhistory
 create mode 100644 main_folder/main_txt_1.txt
 create mode 100644 main_folder/main_txt_2.txt
 create mode 100644 main_folder/main_txt_3.txt

ASUS@xuanaux MINGW64 ~/OneDrive/Desktop/Tin học cơ sở/25174600007_Bui_Ngoc_Xuan_bai_tap_ (branch_4)
$ git pull origin main
From https://github.com/BuiNgocXuan/25174600007_Bui_Ngoc_Xuan_bai_tap_
 * branch            main       -> FETCH_HEAD
Already up to date.

ASUS@xuanaux MINGW64 ~/OneDrive/Desktop/Tin học cơ sở/25174600007_Bui_Ngoc_Xuan_bai_tap_ (branch_4)
$ git push origin branch_4
Enumerating objects: 4, done.
Counting objects: 100% (4/4), done.
Delta compression using up to 8 threads
Compressing objects: 100% (2/2), done.
Writing objects: 100% (2/2), 384 bytes | 384.00 KiB/s, done.
Total 2 (delta 1), reused 0 (delta 0), pack-reused 0 (from 0)
To https://github.com/BuiNgocXuan/25174600007_Bui_Ngoc_Xuan_bai_tap_.git
   54ab648..4285e16  branch_4 -> branch_4

ASUS@xuanaux MINGW64 ~/OneDrive/Desktop/Tin học cơ sở/25174600007_Bui_Ngoc_Xuan_bai_tap_ (branch_4)
$ git checkout branch_1
Switched to branch 'branch_1'

ASUS@xuanaux MINGW64 ~/OneDrive/Desktop/Tin học cơ sở/25174600007_Bui_Ngoc_Xuan_bai_tap_ (branch_1)
$ git branch
* branch_1
  branch_2
  branch_3
  branch_4
  main

ASUS@xuanaux MINGW64 ~/OneDrive/Desktop/Tin học cơ sở/25174600007_Bui_Ngoc_Xuan_bai_tap_ (branch_1)
$ git checkout -b branch_5
Switched to a new branch 'branch_5'

ASUS@xuanaux MINGW64 ~/OneDrive/Desktop/Tin học cơ sở/25174600007_Bui_Ngoc_Xuan_bai_tap_ (branch_5)
$ notepad text_branch_1.txt

ASUS@xuanaux MINGW64 ~/OneDrive/Desktop/Tin học cơ sở/25174600007_Bui_Ngoc_Xuan_bai_tap_ (branch_5)
$ git add text_branch_1.txt

ASUS@xuanaux MINGW64 ~/OneDrive/Desktop/Tin học cơ sở/25174600007_Bui_Ngoc_Xuan_bai_tap_ (branch_5)
$ git commit -m "chỉnh sửa nội dung file text_branch_1.txt trong branch_5"
[branch_5 e99731c] chỉnh sửa nội dung file text_branch_1.txt trong branch_5
 1 file changed, 9 insertions(+), 1 deletion(-)

ASUS@xuanaux MINGW64 ~/OneDrive/Desktop/Tin học cơ sở/25174600007_Bui_Ngoc_Xuan_bai_tap_ (branch_5)
$ git push origin branch_5
Enumerating objects: 5, done.
Counting objects: 100% (5/5), done.
Delta compression using up to 8 threads
Compressing objects: 100% (3/3), done.
Writing objects: 100% (3/3), 707 bytes | 707.00 KiB/s, done.
Total 3 (delta 1), reused 0 (delta 0), pack-reused 0 (from 0)
remote: Resolving deltas: 100% (1/1), completed with 1 local object.
remote:
remote: Create a pull request for 'branch_5' on GitHub by visiting:
remote:      https://github.com/BuiNgocXuan/25174600007_Bui_Ngoc_Xuan_bai_tap_/pull/new/branch_5
remote:
To https://github.com/BuiNgocXuan/25174600007_Bui_Ngoc_Xuan_bai_tap_.git
 * [new branch]      branch_5 -> branch_5

ASUS@xuanaux MINGW64 ~/OneDrive/Desktop/Tin học cơ sở/25174600007_Bui_Ngoc_Xuan_bai_tap_ (branch_5)
$ git checkout branch_1
Switched to branch 'branch_1'

ASUS@xuanaux MINGW64 ~/OneDrive/Desktop/Tin học cơ sở/25174600007_Bui_Ngoc_Xuan_bai_tap_ (branch_1)
$ git pull origin branch_1
remote: Enumerating objects: 1, done.
remote: Counting objects: 100% (1/1), done.
remote: Total 1 (delta 0), reused 0 (delta 0), pack-reused 0 (from 0)
Unpacking objects: 100% (1/1), 951 bytes | 237.00 KiB/s, done.
From https://github.com/BuiNgocXuan/25174600007_Bui_Ngoc_Xuan_bai_tap_
 * branch            branch_1   -> FETCH_HEAD
   d68367b..e398ee1  branch_1   -> origin/branch_1
Updating d68367b..e398ee1

Merge made by the 'ort' strategy.
 text_branch_4.txt | 1 +
 1 file changed, 1 insertion(+)
 create mode 100644 text_branch_4.txt

ASUS@xuanaux MINGW64 ~/OneDrive/Desktop/Tin học cơ sở/25174600007_Bui_Ngoc_Xuan_bai_tap_ (main)
$ git merge branch_4
Already up to date.

ASUS@xuanaux MINGW64 ~/OneDrive/Desktop/Tin học cơ sở/25174600007_Bui_Ngoc_Xuan_bai_tap_ (main)
$ git add .

ASUS@xuanaux MINGW64 ~/OneDrive/Desktop/Tin học cơ sở/25174600007_Bui_Ngoc_Xuan_bai_tap_ (main)
$ git commit -m "merge branch_4 vào main"
On branch main
Your branch is ahead of 'origin/main' by 3 commits.
  (use "git push" to publish your local commits)

nothing to commit, working tree clean

ASUS@xuanaux MINGW64 ~/OneDrive/Desktop/Tin học cơ sở/25174600007_Bui_Ngoc_Xuan_bai_tap_ (main)
$ git push origin main
Enumerating objects: 4, done.
Counting objects: 100% (4/4), done.
Delta compression using up to 8 threads
Compressing objects: 100% (2/2), done.
Writing objects: 100% (2/2), 335 bytes | 335.00 KiB/s, done.
Total 2 (delta 1), reused 0 (delta 0), pack-reused 0 (from 0)
remote: Resolving deltas: 100% (1/1), completed with 1 local object.
To https://github.com/BuiNgocXuan/25174600007_Bui_Ngoc_Xuan_bai_tap_.git
   8ed4981..5eaa28d  main -> main

ASUS@xuanaux MINGW64 ~/OneDrive/Desktop/Tin học cơ sở/25174600007_Bui_Ngoc_Xuan_bai_tap_ (main)
$ git checkout main
Already on 'main'
Your branch is up to date with 'origin/main'.

ASUS@xuanaux MINGW64 ~/OneDrive/Desktop/Tin học cơ sở/25174600007_Bui_Ngoc_Xuan_bai_tap_ (main)
$ git pull origin main
From https://github.com/BuiNgocXuan/25174600007_Bui_Ngoc_Xuan_bai_tap_
 * branch            main       -> FETCH_HEAD
Already up to date.

ASUS@xuanaux MINGW64 ~/OneDrive/Desktop/Tin học cơ sở/25174600007_Bui_Ngoc_Xuan_bai_tap_ (main)
$ ls
README.md  main_folder/  text_branch_1.txt  text_branch_2.txt  text_branch_3.txt  text_branch_4.txt

ASUS@xuanaux MINGW64 ~/OneDrive/Desktop/Tin học cơ sở/25174600007_Bui_Ngoc_Xuan_bai_tap_ (main)
$ git branch -a
  branch_1
  branch_2
  branch_3
  branch_4
  branch_5
* main
  remotes/origin/HEAD -> origin/main
  remotes/origin/branch_1
  remotes/origin/branch_2
  remotes/origin/branch_3
  remotes/origin/branch_4
  remotes/origin/branch_5
  remotes/origin/main

ASUS@xuanaux MINGW64 ~/OneDrive/Desktop/Tin học cơ sở/25174600007_Bui_Ngoc_Xuan_bai_tap_ (main)
$ git branch -D branch_2
Deleted branch branch_2 (was fb180ff).

ASUS@xuanaux MINGW64 ~/OneDrive/Desktop/Tin học cơ sở/25174600007_Bui_Ngoc_Xuan_bai_tap_ (main)
$ git branch -D branch_3
Deleted branch branch_3 (was 583c092).

ASUS@xuanaux MINGW64 ~/OneDrive/Desktop/Tin học cơ sở/25174600007_Bui_Ngoc_Xuan_bai_tap_ (main)
$ git branch -D branch_4
Deleted branch branch_4 (was 4285e16).

ASUS@xuanaux MINGW64 ~/OneDrive/Desktop/Tin học cơ sở/25174600007_Bui_Ngoc_Xuan_bai_tap_ (main)
$ git push origin --delete branch_2
To https://github.com/BuiNgocXuan/25174600007_Bui_Ngoc_Xuan_bai_tap_.git
 - [deleted]         branch_2

ASUS@xuanaux MINGW64 ~/OneDrive/Desktop/Tin học cơ sở/25174600007_Bui_Ngoc_Xuan_bai_tap_ (main)
$ git push origin --delete branch_3
To https://github.com/BuiNgocXuan/25174600007_Bui_Ngoc_Xuan_bai_tap_.git
 - [deleted]         branch_3

ASUS@xuanaux MINGW64 ~/OneDrive/Desktop/Tin học cơ sở/25174600007_Bui_Ngoc_Xuan_bai_tap_ (main)
$ git push origin --delete branch_4
To https://github.com/BuiNgocXuan/25174600007_Bui_Ngoc_Xuan_bai_tap_.git
 - [deleted]         branch_4

ASUS@xuanaux MINGW64 ~/OneDrive/Desktop/Tin học cơ sở/25174600007_Bui_Ngoc_Xuan_bai_tap_ (main)
$ git branch -a
  branch_1
  branch_5
* main
  remotes/origin/HEAD -> origin/main
  remotes/origin/branch_1
  remotes/origin/branch_5
  remotes/origin/main

ASUS@xuanaux MINGW64 ~/OneDrive/Desktop/Tin học cơ sở/25174600007_Bui_Ngoc_Xuan_bai_tap_ (main)
$ git checkout main
Already on 'main'
Your branch is up to date with 'origin/main'.

ASUS@xuanaux MINGW64 ~/OneDrive/Desktop/Tin học cơ sở/25174600007_Bui_Ngoc_Xuan_bai_tap_ (main)
$ git pull origin main
From https://github.com/BuiNgocXuan/25174600007_Bui_Ngoc_Xuan_bai_tap_
 * branch            main       -> FETCH_HEAD
Already up to date.

ASUS@xuanaux MINGW64 ~/OneDrive/Desktop/Tin học cơ sở/25174600007_Bui_Ngoc_Xuan_bai_tap_ (main)
$ git checkout branch_1
Switched to branch 'branch_1'

ASUS@xuanaux MINGW64 ~/OneDrive/Desktop/Tin học cơ sở/25174600007_Bui_Ngoc_Xuan_bai_tap_ (branch_1)
$ git merge main
Updating e398ee1..5eaa28d
Fast-forward
 text_branch_2.txt | 1 +
 text_branch_3.txt | 1 +
 text_branch_4.txt | 1 +
 3 files changed, 3 insertions(+)
 create mode 100644 text_branch_2.txt
 create mode 100644 text_branch_3.txt
 create mode 100644 text_branch_4.txt

ASUS@xuanaux MINGW64 ~/OneDrive/Desktop/Tin học cơ sở/25174600007_Bui_Ngoc_Xuan_bai_tap_ (branch_1)
$ git add .

ASUS@xuanaux MINGW64 ~/OneDrive/Desktop/Tin học cơ sở/25174600007_Bui_Ngoc_Xuan_bai_tap_ (branch_1)
$ git commit -m "cập nhật nội dung từ main sang branch_1"
On branch branch_1
nothing to commit, working tree clean

ASUS@xuanaux MINGW64 ~/OneDrive/Desktop/Tin học cơ sở/25174600007_Bui_Ngoc_Xuan_bai_tap_ (branch_1)
$ git push origin branch_1
Total 0 (delta 0), reused 0 (delta 0), pack-reused 0 (from 0)
To https://github.com/BuiNgocXuan/25174600007_Bui_Ngoc_Xuan_bai_tap_.git
   e398ee1..5eaa28d  branch_1 -> branch_1

ASUS@xuanaux MINGW64 ~/OneDrive/Desktop/Tin học cơ sở/25174600007_Bui_Ngoc_Xuan_bai_tap_ (branch_1)
$ touch BuiNgocXuan_doan_ma.txt

ASUS@xuanaux MINGW64 ~/OneDrive/Desktop/Tin học cơ sở/25174600007_Bui_Ngoc_Xuan_bai_tap_ (branch_1)
$ notepad BuiNgocXuan_doan_ma.txt

ASUS@xuanaux MINGW64 ~/OneDrive/Desktop/Tin học cơ sở/25174600007_Bui_Ngoc_Xuan_bai_tap_ (branch_1)
$ git add BuiNgocXuan_doan_ma.txt

ASUS@xuanaux MINGW64 ~/OneDrive/Desktop/Tin học cơ sở/25174600007_Bui_Ngoc_Xuan_bai_tap_ (branch_1)
$ git commit -m "thêm file tổng hợp đoạn mã từ bài 1-9"
[branch_1 56494d5] thêm file tổng hợp đoạn mã từ bài 1-9
 1 file changed, 541 insertions(+)
 create mode 100644 BuiNgocXuan_doan_ma.txt

ASUS@xuanaux MINGW64 ~/OneDrive/Desktop/Tin học cơ sở/25174600007_Bui_Ngoc_Xuan_bai_tap_ (branch_1)
$ git push origin main
Everything up-to-date

ASUS@xuanaux MINGW64 ~/OneDrive/Desktop/Tin học cơ sở/25174600007_Bui_Ngoc_Xuan_bai_tap_ (branch_1)
$ git checkout main
Switched to branch 'main'
Your branch is up to date with 'origin/main'.

ASUS@xuanaux MINGW64 ~/OneDrive/Desktop/Tin học cơ sở/25174600007_Bui_Ngoc_Xuan_bai_tap_ (main)
$ git status
On branch main
Your branch is up to date with 'origin/main'.

nothing to commit, working tree clean

ASUS@xuanaux MINGW64 ~/OneDrive/Desktop/Tin học cơ sở/25174600007_Bui_Ngoc_Xuan_bai_tap_ (main)
$ git add BuiNgocXuan_doan_ma.txt
fatal: pathspec 'BuiNgocXuan_doan_ma.txt' did not match any files

ASUS@xuanaux MINGW64 ~/OneDrive/Desktop/Tin học cơ sở/25174600007_Bui_Ngoc_Xuan_bai_tap_ (main)
$ touch BuiNgocXuan_doan_ma.txt

